// Jest Snapshot v1, https://goo.gl/fbAQLP

exports[`should render ExpenseListItem correctly 1`] = `
<div>
  <div>
    <Link
      replace={false}
      to="/edit/1"
    >
      <h3>
        Rent Bill
      </h3>
    </Link>
  </div>
  <p>
    Rs.6,000
     - 
    January 1st, 1970
  </p>
</div>
`;
